// Jest Snapshot v1, https://goo.gl/fbAQLP

exports[`DateRangeSlider renders correctly 1`] = `
<div
  id="date-range"
/>
`;
