// Jest Snapshot v1, https://goo.gl/fbAQLP

exports[`InfiniteScroll renders correctly 1`] = `
<span>
  <div>
     
  </div>
</span>
`;
