// Jest Snapshot v1, https://goo.gl/fbAQLP

exports[`LoadingDoubleWell renders correctly 1`] = `
<div
  className="loading-spinner loading-spinner-double-well"
>
  <div
    className="double-bounce1"
  />
  <div
    className="double-bounce2"
  />
</div>
`;
