// Jest Snapshot v1, https://goo.gl/fbAQLP

exports[`ReadingWorkHeader renders correctly 1`] = `
<section
  className="page-head fullscreen image-bg "
>
  <div
    className="background-image-holder less-blur blur"
  >
    <img
      alt="background"
      className="background-image"
      src="/images/temple.jpg"
    />
  </div>
  <div
    className="background-screen reading-page-background-screen"
  />
  <div
    className="container v-align-transform"
  >
    <div
      className="row"
    >
      <div
        className="col-sm-10 col-sm-offset-1 text-center"
      >
        <div
          className="work-authors"
        />
        <div
          className="work-title-outer"
        >
          <h1
            className="work-title"
          />
          
        </div>
      </div>
    </div>
  </div>
</section>
`;
