// Jest Snapshot v1, https://goo.gl/fbAQLP

exports[`SearchFilters renders correctly 1`] = `
<div
  className="filters"
/>
`;
