// Jest Snapshot v1, https://goo.gl/fbAQLP

exports[`LoadingBars renders correctly 1`] = `
<div
  className="loading-spinner loading-spinner-bars"
>
  <div
    className="rect1"
  />
  <div
    className="rect2"
  />
  <div
    className="rect3"
  />
  <div
    className="rect4"
  />
  <div
    className="rect5"
  />
</div>
`;
