// Jest Snapshot v1, https://goo.gl/fbAQLP

exports[`LoadingBlock renders correctly 1`] = `
<div
  className="loading-spinner loading-spinner-block"
/>
`;
