// Jest Snapshot v1, https://goo.gl/fbAQLP

exports[`WorkTeaser renders correctly 1`] = `
<div
  className="work-teaser"
  style={
    Object {
      "WebkitTapHighlightColor": "rgba(0,0,0,0)",
      "backgroundColor": "#ffffff",
      "borderRadius": 2,
      "boxShadow": "0 1px 6px rgba(0, 0, 0, 0.12),
             0 1px 4px rgba(0, 0, 0, 0.12)",
      "boxSizing": "border-box",
      "color": "rgba(0, 0, 0, 0.87)",
      "fontFamily": "Roboto, sans-serif",
      "muiPrepared": true,
      "transition": "all 450ms cubic-bezier(0.23, 1, 0.32, 1) 0ms",
      "zIndex": 1,
    }
  }
>
  <div
    style={
      Object {
        "paddingBottom": 0,
      }
    }
  >
    <div
      className="card-meta-left"
    >
      <button
        className="icon-favorite-button "
        disabled={false}
        href={undefined}
        onBlur={[Function]}
        onClick={[Function]}
        onFocus={[Function]}
        onKeyDown={[Function]}
        onKeyUp={[Function]}
        onMouseEnter={[Function]}
        onMouseLeave={[Function]}
        onMouseOut={[Function]}
        onTouchStart={[Function]}
        onTouchTap={[Function]}
        style={
          Object {
            "WebkitTapHighlightColor": "rgba(0, 0, 0, 0)",
            "background": "none",
            "border": 10,
            "boxSizing": "border-box",
            "cursor": "pointer",
            "display": "inline-block",
            "fontFamily": "Roboto, sans-serif",
            "fontSize": 0,
            "fontWeight": "inherit",
            "height": 48,
            "margin": 0,
            "muiPrepared": true,
            "outline": "none",
            "overflow": "visible",
            "padding": 12,
            "position": "relative",
            "textDecoration": "none",
            "transition": "all 450ms cubic-bezier(0.23, 1, 0.32, 1) 0ms",
            "verticalAlign": null,
            "width": 48,
            "zIndex": 1,
          }
        }
        tabIndex={0}
        type="button"
      >
        <div
          onMouseDown={[Function]}
          onMouseLeave={[Function]}
          onMouseUp={[Function]}
          onTouchEnd={[Function]}
          onTouchStart={[Function]}
        >
          <span
            className="mdi mdi-book-open-variant"
            color="rgba(0, 0, 0, 0.87)"
            onMouseEnter={[Function]}
            onMouseLeave={[Function]}
            style={
              Object {
                "color": "rgba(0, 0, 0, 0.87)",
                "display": "inline-block",
                "fontSize": 24,
                "muiPrepared": true,
                "position": "relative",
                "transition": "all 450ms cubic-bezier(0.23, 1, 0.32, 1) 0ms",
                "userSelect": "none",
              }
            }
          />
        </div>
      </button>
      <div
        className="card-meta-items"
      >
        
        
      </div>
    </div>
    <div
      className="work-teaser-authors"
    />
    <a
      className="work-teaser-title"
      href="/works/testId/test"
    >
      <h3>
        
      </h3>
    </a>
    <div
      className="card-meta-bottom"
    >
      <span
        className="card-meta meta-count-commentary"
      >
         Comments
      </span>
      <span
        className="card-meta meta-count-translations"
      >
         Translations
      </span>
      <span
        className="card-meta meta-count-annotations"
      >
         Annotations
      </span>
    </div>
  </div>
</div>
`;
