// Jest Snapshot v1, https://goo.gl/fbAQLP

exports[`ReadingMedia renders correctly 1`] = `
<div
  className="embedded-media"
>
  <div
    className="media-outer"
  >
    <img
      alt="thumbnail"
      src="/images/aeneid-demo-image-2.png"
    />
    <button
      className="show-in-viewer-button"
      disabled={false}
      href={undefined}
      onBlur={[Function]}
      onClick={[Function]}
      onFocus={[Function]}
      onKeyDown={[Function]}
      onKeyUp={[Function]}
      onMouseEnter={[Function]}
      onMouseLeave={[Function]}
      onTouchStart={[Function]}
      onTouchTap={[Function]}
      style={
        Object {
          "WebkitTapHighlightColor": "rgba(0, 0, 0, 0)",
          "backgroundColor": "rgba(0, 0, 0, 0)",
          "border": 10,
          "borderRadius": 2,
          "boxSizing": "border-box",
          "color": "rgba(0, 0, 0, 0.87)",
          "cursor": "pointer",
          "display": "inline-block",
          "fontFamily": "Roboto, sans-serif",
          "fontSize": "inherit",
          "fontWeight": "inherit",
          "height": 36,
          "lineHeight": "36px",
          "margin": 0,
          "minWidth": 88,
          "muiPrepared": true,
          "outline": "none",
          "overflow": "hidden",
          "padding": 0,
          "position": "relative",
          "textAlign": "center",
          "textDecoration": "none",
          "transition": "all 450ms cubic-bezier(0.23, 1, 0.32, 1) 0ms",
          "userSelect": "none",
          "verticalAlign": null,
          "zIndex": 1,
        }
      }
      tabIndex={0}
      type="button"
    >
      <div
        onMouseDown={[Function]}
        onMouseLeave={[Function]}
        onMouseUp={[Function]}
        onTouchEnd={[Function]}
        onTouchStart={[Function]}
      >
        <i
          className="mdi mdi-magnify"
          color="rgba(0, 0, 0, 0.87)"
          style={
            Object {
              "marginLeft": 12,
              "marginRight": 0,
              "verticalAlign": "middle",
            }
          }
        />
        <span
          style={
            Object {
              "fontSize": 14,
              "fontWeight": 500,
              "letterSpacing": 0,
              "muiPrepared": true,
              "paddingLeft": 8,
              "paddingRight": 16,
              "position": "relative",
              "textTransform": "uppercase",
              "verticalAlign": "middle",
            }
          }
        >
          Image Viewer
        </span>
      </div>
    </button>
  </div>
  <div
    className="media-description"
  >
    <span
      className="media-caption"
    >
      "Folio 45V". &lt;em&gt;The Vergilius Vaticanus&lt;/em&gt;. Vatican, Biblioteca Apostolica, Cod. Vat. lat. 3225). Rome, Italy. Ca 400 AD.
    </span>
  </div>
</div>
`;
