// Jest Snapshot v1, https://goo.gl/fbAQLP

exports[`LeftMenu renders correctly 1`] = `
<div>
  <div
    className="md-sidenav-left"
    style={undefined}
  >
    <div
      className={undefined}
      onTouchTap={[Function]}
      style={
        Object {
          "WebkitTapHighlightColor": "rgba(0, 0, 0, 0)",
          "backgroundColor": "rgba(0, 0, 0, 0.54)",
          "height": "100%",
          "left": "-100%",
          "muiPrepared": true,
          "opacity": 0,
          "pointerEvents": "none",
          "position": "fixed",
          "top": 0,
          "transform": "translateZ(0)",
          "transition": "left 0ms cubic-bezier(0.23, 1, 0.32, 1) 400ms, opacity 400ms cubic-bezier(0.23, 1, 0.32, 1) 0ms",
          "width": "100%",
          "willChange": "opacity",
          "zIndex": 1200,
        }
      }
    />
    <div
      className={undefined}
      style={
        Object {
          "WebkitOverflowScrolling": "touch",
          "WebkitTapHighlightColor": "rgba(0,0,0,0)",
          "backgroundColor": "#ffffff",
          "borderRadius": "0px",
          "boxShadow": "0 3px 10px rgba(0, 0, 0, 0.16),
                 0 3px 10px rgba(0, 0, 0, 0.23)",
          "boxSizing": "border-box",
          "color": "rgba(0, 0, 0, 0.87)",
          "fontFamily": "Roboto, sans-serif",
          "height": "100%",
          "left": 0,
          "muiPrepared": true,
          "overflow": "auto",
          "position": "fixed",
          "top": 0,
          "transform": "translate(-266px, 0)",
          "transition": "transform 450ms cubic-bezier(0.23, 1, 0.32, 1) 0ms",
          "width": 256,
          "zIndex": 1300,
        }
      }
    >
      <div
        className="sidenav-top"
      >
        
        <span
          className="user-fullname"
        >
          
        </span>
      </div>
      
      <hr
        style={
          Object {
            "backgroundColor": "#e0e0e0",
            "border": "none",
            "height": 1,
            "margin": 0,
            "marginLeft": 0,
            "marginTop": -1,
            "muiPrepared": true,
          }
        }
      />
    </div>
  </div>
</div>
`;
